Analysis & Synthesis report for relogio
Sun Jun 02 12:17:38 2013
Quartus II Version 9.1 Build 350 03/24/2010 Service Pack 2 SJ Web Edition


---------------------
; Table of Contents ;
---------------------
  1. Legal Notice
  2. Analysis & Synthesis Summary
  3. Analysis & Synthesis Settings
  4. Parallel Compilation
  5. Analysis & Synthesis Source Files Read
  6. Analysis & Synthesis Resource Usage Summary
  7. Analysis & Synthesis Resource Utilization by Entity
  8. User-Specified and Inferred Latches
  9. Registers Removed During Synthesis
 10. General Register Statistics
 11. Multiplexer Restructuring Statistics (Restructuring Performed)
 12. Analysis & Synthesis Messages



----------------
; Legal Notice ;
----------------
Copyright (C) 1991-2010 Altera Corporation
Your use of Altera Corporation's design tools, logic functions 
and other software and tools, and its AMPP partner logic 
functions, and any output files from any of the foregoing 
(including device programming or simulation files), and any 
associated documentation or information are expressly subject 
to the terms and conditions of the Altera Program License 
Subscription Agreement, Altera MegaCore Function License 
Agreement, or other applicable license agreement, including, 
without limitation, that your use is for the sole purpose of 
programming logic devices manufactured by Altera and sold by 
Altera or its authorized distributors.  Please refer to the 
applicable agreement for further details.



+------------------------------------------------------------------------------+
; Analysis & Synthesis Summary                                                 ;
+-------------------------------+----------------------------------------------+
; Analysis & Synthesis Status   ; Successful - Sun Jun 02 12:17:38 2013        ;
; Quartus II Version            ; 9.1 Build 350 03/24/2010 SP 2 SJ Web Edition ;
; Revision Name                 ; relogio                                      ;
; Top-level Entity Name         ; relogio                                      ;
; Family                        ; Stratix III                                  ;
; Logic utilization             ; N/A                                          ;
;     Combinational ALUTs       ; 180                                          ;
;     Memory ALUTs              ; 0                                            ;
;     Dedicated logic registers ; 7                                            ;
; Total registers               ; 7                                            ;
; Total pins                    ; 46                                           ;
; Total virtual pins            ; 0                                            ;
; Total block memory bits       ; 0                                            ;
; DSP block 18-bit elements     ; 0                                            ;
; Total PLLs                    ; 0                                            ;
; Total DLLs                    ; 0                                            ;
+-------------------------------+----------------------------------------------+


+----------------------------------------------------------------------------------------------------------------------+
; Analysis & Synthesis Settings                                                                                        ;
+----------------------------------------------------------------------------+--------------------+--------------------+
; Option                                                                     ; Setting            ; Default Value      ;
+----------------------------------------------------------------------------+--------------------+--------------------+
; Device                                                                     ; EP3SE50F484C2      ;                    ;
; Top-level entity name                                                      ; relogio            ; relogio            ;
; Family name                                                                ; Stratix III        ; Stratix II         ;
; Type of Retiming Performed During Resynthesis                              ; Full               ;                    ;
; Resynthesis Optimization Effort                                            ; Normal             ;                    ;
; Physical Synthesis Level for Resynthesis                                   ; Normal             ;                    ;
; Use Generated Physical Constraints File                                    ; On                 ;                    ;
; Use smart compilation                                                      ; Off                ; Off                ;
; Enable parallel Assembler and TimeQuest Timing Analyzer during compilation ; On                 ; On                 ;
; Enable compact report table                                                ; Off                ; Off                ;
; Restructure Multiplexers                                                   ; Auto               ; Auto               ;
; Create Debugging Nodes for IP Cores                                        ; Off                ; Off                ;
; Preserve fewer node names                                                  ; On                 ; On                 ;
; Disable OpenCore Plus hardware evaluation                                  ; Off                ; Off                ;
; Verilog Version                                                            ; Verilog_2001       ; Verilog_2001       ;
; VHDL Version                                                               ; VHDL_1993          ; VHDL_1993          ;
; State Machine Processing                                                   ; Auto               ; Auto               ;
; Safe State Machine                                                         ; Off                ; Off                ;
; Extract Verilog State Machines                                             ; On                 ; On                 ;
; Extract VHDL State Machines                                                ; On                 ; On                 ;
; Ignore Verilog initial constructs                                          ; Off                ; Off                ;
; Iteration limit for constant Verilog loops                                 ; 5000               ; 5000               ;
; Iteration limit for non-constant Verilog loops                             ; 250                ; 250                ;
; Add Pass-Through Logic to Inferred RAMs                                    ; On                 ; On                 ;
; Parallel Synthesis                                                         ; On                 ; On                 ;
; DSP Block Balancing                                                        ; Auto               ; Auto               ;
; NOT Gate Push-Back                                                         ; On                 ; On                 ;
; Power-Up Don't Care                                                        ; On                 ; On                 ;
; Remove Redundant Logic Cells                                               ; Off                ; Off                ;
; Remove Duplicate Registers                                                 ; On                 ; On                 ;
; Ignore CARRY Buffers                                                       ; Off                ; Off                ;
; Ignore CASCADE Buffers                                                     ; Off                ; Off                ;
; Ignore GLOBAL Buffers                                                      ; Off                ; Off                ;
; Ignore ROW GLOBAL Buffers                                                  ; Off                ; Off                ;
; Ignore LCELL Buffers                                                       ; Off                ; Off                ;
; Ignore SOFT Buffers                                                        ; On                 ; On                 ;
; Limit AHDL Integers to 32 Bits                                             ; Off                ; Off                ;
; Optimization Technique                                                     ; Balanced           ; Balanced           ;
; Carry Chain Length                                                         ; 70                 ; 70                 ;
; Auto Carry Chains                                                          ; On                 ; On                 ;
; Auto Open-Drain Pins                                                       ; On                 ; On                 ;
; Perform WYSIWYG Primitive Resynthesis                                      ; Off                ; Off                ;
; Auto ROM Replacement                                                       ; On                 ; On                 ;
; Auto RAM Replacement                                                       ; On                 ; On                 ;
; Auto DSP Block Replacement                                                 ; On                 ; On                 ;
; Auto Shift Register Replacement                                            ; Auto               ; Auto               ;
; Auto Clock Enable Replacement                                              ; On                 ; On                 ;
; Strict RAM Replacement                                                     ; Off                ; Off                ;
; Allow Synchronous Control Signals                                          ; On                 ; On                 ;
; Force Use of Synchronous Clear Signals                                     ; Off                ; Off                ;
; Auto RAM Block Balancing                                                   ; On                 ; On                 ;
; Auto RAM to Logic Cell Conversion                                          ; Off                ; Off                ;
; Auto Resource Sharing                                                      ; Off                ; Off                ;
; Allow Any RAM Size For Recognition                                         ; Off                ; Off                ;
; Allow Any ROM Size For Recognition                                         ; Off                ; Off                ;
; Allow Any Shift Register Size For Recognition                              ; Off                ; Off                ;
; Use LogicLock Constraints during Resource Balancing                        ; On                 ; On                 ;
; Ignore translate_off and synthesis_off directives                          ; Off                ; Off                ;
; Timing-Driven Synthesis                                                    ; On                 ; On                 ;
; Show Parameter Settings Tables in Synthesis Report                         ; On                 ; On                 ;
; Ignore Maximum Fan-Out Assignments                                         ; Off                ; Off                ;
; Synchronization Register Chain Length                                      ; 2                  ; 2                  ;
; PowerPlay Power Optimization                                               ; Normal compilation ; Normal compilation ;
; HDL message level                                                          ; Level2             ; Level2             ;
; Suppress Register Optimization Related Messages                            ; Off                ; Off                ;
; Number of Removed Registers Reported in Synthesis Report                   ; 5000               ; 5000               ;
; Number of Inverted Registers Reported in Synthesis Report                  ; 100                ; 100                ;
; Clock MUX Protection                                                       ; On                 ; On                 ;
; Auto Gated Clock Conversion                                                ; Off                ; Off                ;
; Block Design Naming                                                        ; Auto               ; Auto               ;
; SDC constraint protection                                                  ; Off                ; Off                ;
; Synthesis Effort                                                           ; Auto               ; Auto               ;
; Shift Register Replacement - Allow Asynchronous Clear Signal               ; On                 ; On                 ;
; Analysis & Synthesis Message Level                                         ; Medium             ; Medium             ;
; Disable Register Merging Across Hierarchies                                ; Auto               ; Auto               ;
; Resource Aware Inference For Block RAM                                     ; On                 ; On                 ;
+----------------------------------------------------------------------------+--------------------+--------------------+


Parallel compilation was disabled, but you have multiple processors available. Enable parallel compilation to reduce compilation time.
+-------------------------------------+
; Parallel Compilation                ;
+----------------------------+--------+
; Processors                 ; Number ;
+----------------------------+--------+
; Number detected on machine ; 2      ;
; Maximum allowed            ; 1      ;
+----------------------------+--------+


+-------------------------------------------------------------------------------------------------------------------------------------+
; Analysis & Synthesis Source Files Read                                                                                              ;
+--------------------------------------------+-----------------+-----------------+----------------------------------------------------+
; File Name with User-Entered Path           ; Used in Netlist ; File Type       ; File Name with Absolute Path                       ;
+--------------------------------------------+-----------------+-----------------+----------------------------------------------------+
; ../decodificador_bcd/decodificador_bcd.vhd ; yes             ; User VHDL File  ; D:/relogio/decodificador_bcd/decodificador_bcd.vhd ;
; ../horas/horas.vhd                         ; yes             ; User VHDL File  ; D:/relogio/horas/horas.vhd                         ;
; ../minutos/minutos.vhd                     ; yes             ; User VHDL File  ; D:/relogio/minutos/minutos.vhd                     ;
; ../segundos/segundos.vhd                   ; yes             ; User VHDL File  ; D:/relogio/segundos/segundos.vhd                   ;
; ../relogio_package/relogio_package.vhd     ; yes             ; User VHDL File  ; D:/relogio/relogio_package/relogio_package.vhd     ;
; relogio.vhd                                ; yes             ; User VHDL File  ; D:/relogio/relogio/relogio.vhd                     ;
+--------------------------------------------+-----------------+-----------------+----------------------------------------------------+


+-------------------------------------------------------------------+
; Analysis & Synthesis Resource Usage Summary                       ;
+-----------------------------------------------+-------------------+
; Resource                                      ; Usage             ;
+-----------------------------------------------+-------------------+
; Estimated ALUTs Used                          ; 180               ;
;     -- Combinational ALUTs                    ; 180               ;
;     -- Memory ALUTs                           ; 0                 ;
;     -- LUT_REGs                               ; 0                 ;
; Dedicated logic registers                     ; 7                 ;
;                                               ;                   ;
; Estimated ALUTs Unavailable                   ; 2                 ;
;     -- Due to unpartnered combinational logic ; 2                 ;
;     -- Due to Memory ALUTs                    ; 0                 ;
;                                               ;                   ;
; Total combinational functions                 ; 180               ;
; Combinational ALUT usage by number of inputs  ;                   ;
;     -- 7 input functions                      ; 0                 ;
;     -- 6 input functions                      ; 2                 ;
;     -- 5 input functions                      ; 25                ;
;     -- 4 input functions                      ; 90                ;
;     -- <=3 input functions                    ; 63                ;
;                                               ;                   ;
; Combinational ALUTs by mode                   ;                   ;
;     -- normal mode                            ; 180               ;
;     -- extended LUT mode                      ; 0                 ;
;     -- arithmetic mode                        ; 0                 ;
;     -- shared arithmetic mode                 ; 0                 ;
;                                               ;                   ;
; Estimated ALUT/register pairs used            ; 182               ;
;                                               ;                   ;
; Total registers                               ; 7                 ;
;     -- Dedicated logic registers              ; 7                 ;
;     -- I/O registers                          ; 0                 ;
;     -- LUT_REGs                               ; 0                 ;
;                                               ;                   ;
; Estimated ALMs:  partially or completely used ; 91                ;
;                                               ;                   ;
; I/O pins                                      ; 46                ;
; Maximum fan-out node                          ; minutos:P2|dez[1] ;
; Maximum fan-out                               ; 24                ;
; Total fan-out                                 ; 791               ;
; Average fan-out                               ; 2.84              ;
+-----------------------------------------------+-------------------+


+---------------------------------------------------------------------------------------------------------------------------------------------------------------------------------------------------------------------+
; Analysis & Synthesis Resource Utilization by Entity                                                                                                                                                                 ;
+----------------------------+-------------------+--------------+-------------------+--------------+---------+-----------+-----------+-----------+------+--------------+-------------------------------+--------------+
; Compilation Hierarchy Node ; LC Combinationals ; LC Registers ; Block Memory Bits ; DSP Elements ; DSP 9x9 ; DSP 12x12 ; DSP 18x18 ; DSP 36x36 ; Pins ; Virtual Pins ; Full Hierarchy Name           ; Library Name ;
+----------------------------+-------------------+--------------+-------------------+--------------+---------+-----------+-----------+-----------+------+--------------+-------------------------------+--------------+
; |relogio                   ; 180 (0)           ; 7 (0)        ; 0                 ; 0            ; 0       ; 0         ; 0         ; 0         ; 46   ; 0            ; |relogio                      ; work         ;
;    |decodificador_bcd:P4|  ; 24 (24)           ; 0 (0)        ; 0                 ; 0            ; 0       ; 0         ; 0         ; 0         ; 0    ; 0            ; |relogio|decodificador_bcd:P4 ; work         ;
;    |decodificador_bcd:P5|  ; 7 (7)             ; 0 (0)        ; 0                 ; 0            ; 0       ; 0         ; 0         ; 0         ; 0    ; 0            ; |relogio|decodificador_bcd:P5 ; work         ;
;    |decodificador_bcd:P6|  ; 25 (25)           ; 0 (0)        ; 0                 ; 0            ; 0       ; 0         ; 0         ; 0         ; 0    ; 0            ; |relogio|decodificador_bcd:P6 ; work         ;
;    |decodificador_bcd:P7|  ; 24 (24)           ; 0 (0)        ; 0                 ; 0            ; 0       ; 0         ; 0         ; 0         ; 0    ; 0            ; |relogio|decodificador_bcd:P7 ; work         ;
;    |decodificador_bcd:P8|  ; 24 (24)           ; 0 (0)        ; 0                 ; 0            ; 0       ; 0         ; 0         ; 0         ; 0    ; 0            ; |relogio|decodificador_bcd:P8 ; work         ;
;    |decodificador_bcd:P9|  ; 25 (25)           ; 0 (0)        ; 0                 ; 0            ; 0       ; 0         ; 0         ; 0         ; 0    ; 0            ; |relogio|decodificador_bcd:P9 ; work         ;
;    |horas:P3|              ; 17 (17)           ; 0 (0)        ; 0                 ; 0            ; 0       ; 0         ; 0         ; 0         ; 0    ; 0            ; |relogio|horas:P3             ; work         ;
;    |minutos:P2|            ; 20 (20)           ; 0 (0)        ; 0                 ; 0            ; 0       ; 0         ; 0         ; 0         ; 0    ; 0            ; |relogio|minutos:P2           ; work         ;
;    |segundos:P1|           ; 14 (14)           ; 7 (7)        ; 0                 ; 0            ; 0       ; 0         ; 0         ; 0         ; 0    ; 0            ; |relogio|segundos:P1          ; work         ;
+----------------------------+-------------------+--------------+-------------------+--------------+---------+-----------+-----------+-----------+------+--------------+-------------------------------+--------------+
Note: For table entries with two numbers listed, the numbers in parentheses indicate the number of resources of the given type used by the specific entity alone. The numbers listed outside of parentheses indicate the total resources of the given type used by the specific entity and all of its sub-entities in the hierarchy.


+----------------------------------------------------------------------------------------------------+
; User-Specified and Inferred Latches                                                                ;
+-----------------------------------------------------+---------------------+------------------------+
; Latch Name                                          ; Latch Enable Signal ; Free of Timing Hazards ;
+-----------------------------------------------------+---------------------+------------------------+
; segundos:P1|change                                  ; GND                 ; yes                    ;
; minutos:P2|change2                                  ; GND                 ; yes                    ;
; decodificador_bcd:P4|display[0]                     ; GND                 ; yes                    ;
; decodificador_bcd:P4|display[1]                     ; GND                 ; yes                    ;
; decodificador_bcd:P4|display[2]                     ; GND                 ; yes                    ;
; decodificador_bcd:P4|display[3]                     ; GND                 ; yes                    ;
; decodificador_bcd:P4|display[4]                     ; GND                 ; yes                    ;
; decodificador_bcd:P4|display[5]                     ; GND                 ; yes                    ;
; decodificador_bcd:P4|display[6]                     ; GND                 ; yes                    ;
; decodificador_bcd:P5|display[0]                     ; GND                 ; yes                    ;
; decodificador_bcd:P5|display[1]                     ; GND                 ; yes                    ;
; decodificador_bcd:P5|display[2]                     ; GND                 ; yes                    ;
; decodificador_bcd:P5|display[3]                     ; GND                 ; yes                    ;
; decodificador_bcd:P5|display[4]                     ; GND                 ; yes                    ;
; decodificador_bcd:P5|display[5]                     ; GND                 ; yes                    ;
; decodificador_bcd:P5|display[6]                     ; GND                 ; yes                    ;
; decodificador_bcd:P6|display[0]                     ; GND                 ; yes                    ;
; decodificador_bcd:P6|display[1]                     ; GND                 ; yes                    ;
; decodificador_bcd:P6|display[2]                     ; GND                 ; yes                    ;
; decodificador_bcd:P6|display[3]                     ; GND                 ; yes                    ;
; decodificador_bcd:P6|display[4]                     ; GND                 ; yes                    ;
; decodificador_bcd:P6|display[5]                     ; GND                 ; yes                    ;
; decodificador_bcd:P6|display[6]                     ; GND                 ; yes                    ;
; decodificador_bcd:P7|display[0]                     ; GND                 ; yes                    ;
; decodificador_bcd:P7|display[1]                     ; GND                 ; yes                    ;
; decodificador_bcd:P7|display[2]                     ; GND                 ; yes                    ;
; decodificador_bcd:P7|display[3]                     ; GND                 ; yes                    ;
; decodificador_bcd:P7|display[4]                     ; GND                 ; yes                    ;
; decodificador_bcd:P7|display[5]                     ; GND                 ; yes                    ;
; decodificador_bcd:P7|display[6]                     ; GND                 ; yes                    ;
; decodificador_bcd:P8|display[0]                     ; GND                 ; yes                    ;
; decodificador_bcd:P8|display[1]                     ; GND                 ; yes                    ;
; decodificador_bcd:P8|display[2]                     ; GND                 ; yes                    ;
; decodificador_bcd:P8|display[3]                     ; GND                 ; yes                    ;
; decodificador_bcd:P8|display[4]                     ; GND                 ; yes                    ;
; decodificador_bcd:P8|display[5]                     ; GND                 ; yes                    ;
; decodificador_bcd:P8|display[6]                     ; GND                 ; yes                    ;
; decodificador_bcd:P9|display[0]                     ; GND                 ; yes                    ;
; decodificador_bcd:P9|display[1]                     ; GND                 ; yes                    ;
; decodificador_bcd:P9|display[2]                     ; GND                 ; yes                    ;
; decodificador_bcd:P9|display[3]                     ; GND                 ; yes                    ;
; decodificador_bcd:P9|display[4]                     ; GND                 ; yes                    ;
; decodificador_bcd:P9|display[5]                     ; GND                 ; yes                    ;
; decodificador_bcd:P9|display[6]                     ; GND                 ; yes                    ;
; minutos:P2|dez[3]                                   ; minutos:P2|dez[3]   ; yes                    ;
; minutos:P2|dez[2]                                   ; minutos:P2|dez[3]   ; yes                    ;
; minutos:P2|dez[1]                                   ; minutos:P2|dez[3]   ; yes                    ;
; minutos:P2|dez[0]                                   ; minutos:P2|dez[3]   ; yes                    ;
; minutos:P2|un[3]                                    ; segundos:P1|change  ; yes                    ;
; minutos:P2|un[2]                                    ; segundos:P1|change  ; yes                    ;
; minutos:P2|un[1]                                    ; segundos:P1|change  ; yes                    ;
; minutos:P2|un[0]                                    ; segundos:P1|change  ; yes                    ;
; horas:P3|un[3]                                      ; minutos:P2|change2  ; yes                    ;
; horas:P3|un[2]                                      ; minutos:P2|change2  ; yes                    ;
; horas:P3|un[1]                                      ; minutos:P2|change2  ; yes                    ;
; horas:P3|un[0]                                      ; minutos:P2|change2  ; yes                    ;
; horas:P3|dez[3]                                     ; horas:P3|dez[3]     ; yes                    ;
; horas:P3|dez[2]                                     ; horas:P3|dez[3]     ; yes                    ;
; horas:P3|dez[1]                                     ; horas:P3|dez[3]     ; yes                    ;
; horas:P3|dez[0]                                     ; horas:P3|dez[3]     ; yes                    ;
; Number of user-specified and inferred latches = 60  ;                     ;                        ;
+-----------------------------------------------------+---------------------+------------------------+
Note: All latches listed above may not be present at the end of synthesis due to various synthesis optimizations.


+--------------------------------------------------------------------------------+
; Registers Removed During Synthesis                                             ;
+---------------------------------------+----------------------------------------+
; Register name                         ; Reason for Removal                     ;
+---------------------------------------+----------------------------------------+
; segundos:P1|dez[3]                    ; Stuck at GND due to stuck port data_in ;
; Total Number of Removed Registers = 1 ;                                        ;
+---------------------------------------+----------------------------------------+


+------------------------------------------------------+
; General Register Statistics                          ;
+----------------------------------------------+-------+
; Statistic                                    ; Value ;
+----------------------------------------------+-------+
; Total registers                              ; 7     ;
; Number of registers using Synchronous Clear  ; 0     ;
; Number of registers using Synchronous Load   ; 0     ;
; Number of registers using Asynchronous Clear ; 7     ;
; Number of registers using Asynchronous Load  ; 0     ;
; Number of registers using Clock Enable       ; 0     ;
; Number of registers using Preset             ; 0     ;
+----------------------------------------------+-------+


+--------------------------------------------------------------------------------------------------------------------------------------------------------+
; Multiplexer Restructuring Statistics (Restructuring Performed)                                                                                         ;
+--------------------+-----------+---------------+----------------------+------------------------+------------+------------------------------------------+
; Multiplexer Inputs ; Bus Width ; Baseline Area ; Area if Restructured ; Saving if Restructured ; Registered ; Example Multiplexer Output               ;
+--------------------+-----------+---------------+----------------------+------------------------+------------+------------------------------------------+
; 3:1                ; 2 bits    ; 4 ALUTs       ; 4 ALUTs              ; 0 ALUTs                ; No         ; |relogio|decodificador_bcd:P5|display[4] ;
; 3:1                ; 2 bits    ; 4 ALUTs       ; 4 ALUTs              ; 0 ALUTs                ; No         ; |relogio|decodificador_bcd:P4|display[4] ;
; 3:1                ; 2 bits    ; 4 ALUTs       ; 4 ALUTs              ; 0 ALUTs                ; No         ; |relogio|decodificador_bcd:P7|display[4] ;
; 3:1                ; 2 bits    ; 4 ALUTs       ; 4 ALUTs              ; 0 ALUTs                ; No         ; |relogio|decodificador_bcd:P6|display[4] ;
; 3:1                ; 2 bits    ; 4 ALUTs       ; 4 ALUTs              ; 0 ALUTs                ; No         ; |relogio|decodificador_bcd:P8|display[6] ;
; 3:1                ; 2 bits    ; 4 ALUTs       ; 4 ALUTs              ; 0 ALUTs                ; No         ; |relogio|decodificador_bcd:P9|display[4] ;
+--------------------+-----------+---------------+----------------------+------------------------+------------+------------------------------------------+


+-------------------------------+
; Analysis & Synthesis Messages ;
+-------------------------------+
Info: *******************************************************************
Info: Running Quartus II Analysis & Synthesis
    Info: Version 9.1 Build 350 03/24/2010 Service Pack 2 SJ Web Edition
    Info: Processing started: Sun Jun 02 12:17:34 2013
Info: Command: quartus_map --read_settings_files=on --write_settings_files=off relogio -c relogio
Info: Found 2 design units, including 1 entities, in source file /relogio/decodificador_bcd/decodificador_bcd.vhd
    Info: Found design unit 1: decodificador_bcd-trabalho
    Info: Found entity 1: decodificador_bcd
Info: Found 2 design units, including 1 entities, in source file /relogio/horas/horas.vhd
    Info: Found design unit 1: horas-trabalho
    Info: Found entity 1: horas
Info: Found 2 design units, including 1 entities, in source file /relogio/minutos/minutos.vhd
    Info: Found design unit 1: minutos-trabalho
    Info: Found entity 1: minutos
Info: Found 2 design units, including 1 entities, in source file /relogio/segundos/segundos.vhd
    Info: Found design unit 1: segundos-trabalho
    Info: Found entity 1: segundos
Info: Found 1 design units, including 0 entities, in source file /relogio/relogio_package/relogio_package.vhd
    Info: Found design unit 1: relogio_package
Info: Found 2 design units, including 1 entities, in source file relogio.vhd
    Info: Found design unit 1: relogio-trabalho
    Info: Found entity 1: relogio
Info: Elaborating entity "relogio" for the top level hierarchy
Info: Elaborating entity "segundos" for hierarchy "segundos:P1"
Warning (10631): VHDL Process Statement warning at segundos.vhd(10): inferring latch(es) for signal or variable "change", which holds its previous value in one or more paths through the process
Info (10041): Inferred latch for "change" at segundos.vhd(10)
Info: Elaborating entity "minutos" for hierarchy "minutos:P2"
Warning (10492): VHDL Process Statement warning at minutos.vhd(16): signal "change1" is read inside the Process Statement but isn't in the Process Statement's sensitivity list
Warning (10631): VHDL Process Statement warning at minutos.vhd(11): inferring latch(es) for signal or variable "un", which holds its previous value in one or more paths through the process
Warning (10631): VHDL Process Statement warning at minutos.vhd(11): inferring latch(es) for signal or variable "dez", which holds its previous value in one or more paths through the process
Warning (10631): VHDL Process Statement warning at minutos.vhd(11): inferring latch(es) for signal or variable "change2", which holds its previous value in one or more paths through the process
Info (10041): Inferred latch for "change2" at minutos.vhd(11)
Info (10041): Inferred latch for "dez[0]" at minutos.vhd(11)
Info (10041): Inferred latch for "dez[1]" at minutos.vhd(11)
Info (10041): Inferred latch for "dez[2]" at minutos.vhd(11)
Info (10041): Inferred latch for "dez[3]" at minutos.vhd(11)
Info (10041): Inferred latch for "un[0]" at minutos.vhd(11)
Info (10041): Inferred latch for "un[1]" at minutos.vhd(11)
Info (10041): Inferred latch for "un[2]" at minutos.vhd(11)
Info (10041): Inferred latch for "un[3]" at minutos.vhd(11)
Info: Elaborating entity "horas" for hierarchy "horas:P3"
Warning (10631): VHDL Process Statement warning at horas.vhd(10): inferring latch(es) for signal or variable "un", which holds its previous value in one or more paths through the process
Warning (10631): VHDL Process Statement warning at horas.vhd(10): inferring latch(es) for signal or variable "dez", which holds its previous value in one or more paths through the process
Info (10041): Inferred latch for "dez[0]" at horas.vhd(10)
Info (10041): Inferred latch for "dez[1]" at horas.vhd(10)
Info (10041): Inferred latch for "dez[2]" at horas.vhd(10)
Info (10041): Inferred latch for "dez[3]" at horas.vhd(10)
Info (10041): Inferred latch for "un[0]" at horas.vhd(10)
Info (10041): Inferred latch for "un[1]" at horas.vhd(10)
Info (10041): Inferred latch for "un[2]" at horas.vhd(10)
Info (10041): Inferred latch for "un[3]" at horas.vhd(10)
Info: Elaborating entity "decodificador_bcd" for hierarchy "decodificador_bcd:P4"
Info (10041): Inferred latch for "display[0]" at decodificador_bcd.vhd(9)
Info (10041): Inferred latch for "display[1]" at decodificador_bcd.vhd(9)
Info (10041): Inferred latch for "display[2]" at decodificador_bcd.vhd(9)
Info (10041): Inferred latch for "display[3]" at decodificador_bcd.vhd(9)
Info (10041): Inferred latch for "display[4]" at decodificador_bcd.vhd(9)
Info (10041): Inferred latch for "display[5]" at decodificador_bcd.vhd(9)
Info (10041): Inferred latch for "display[6]" at decodificador_bcd.vhd(9)
Warning: Latch minutos:P2|dez[3] has unsafe behavior
    Warning: Ports D and ENA on the latch are fed by the same signal minutos:P2|dez[3]
    Warning: Ports ENA and CLR on the latch are fed by the same signal minutos:P2|dez[3]
Warning: Latch minutos:P2|dez[2] has unsafe behavior
    Warning: Ports D and ENA on the latch are fed by the same signal minutos:P2|dez[2]
    Warning: Ports ENA and CLR on the latch are fed by the same signal minutos:P2|dez[3]
Warning: Latch minutos:P2|dez[1] has unsafe behavior
    Warning: Ports D and ENA on the latch are fed by the same signal minutos:P2|dez[1]
    Warning: Ports ENA and CLR on the latch are fed by the same signal minutos:P2|dez[3]
Warning: Latch horas:P3|dez[3] has unsafe behavior
    Warning: Ports D and ENA on the latch are fed by the same signal horas:P3|dez[3]
    Warning: Ports ENA and CLR on the latch are fed by the same signal horas:P3|dez[3]
Warning: Latch horas:P3|dez[2] has unsafe behavior
    Warning: Ports D and ENA on the latch are fed by the same signal horas:P3|dez[2]
    Warning: Ports ENA and CLR on the latch are fed by the same signal horas:P3|dez[3]
Warning: Latch horas:P3|dez[1] has unsafe behavior
    Warning: Ports D and ENA on the latch are fed by the same signal horas:P3|dez[1]
    Warning: Ports ENA and CLR on the latch are fed by the same signal horas:P3|dez[3]
Info: Timing-Driven Synthesis is running
Info: Implemented 226 device resources after synthesis - the final resource count might be different
    Info: Implemented 2 input pins
    Info: Implemented 44 output pins
    Info: Implemented 180 logic cells
Info: Quartus II Analysis & Synthesis was successful. 0 errors, 25 warnings
    Info: Peak virtual memory: 222 megabytes
    Info: Processing ended: Sun Jun 02 12:17:38 2013
    Info: Elapsed time: 00:00:04
    Info: Total CPU time (on all processors): 00:00:05


