Classic Timing Analyzer report for FLIPFLOPJK_PRESETCLEAR
Wed May 15 10:09:07 2013
Quartus II Version 9.1 Build 350 03/24/2010 Service Pack 2 SJ Web Edition


---------------------
; Table of Contents ;
---------------------
  1. Legal Notice
  2. Timing Analyzer Summary
  3. Timing Analyzer Settings
  4. Clock Settings Summary
  5. Parallel Compilation
  6. Clock Setup: 'CLK'
  7. tsu
  8. tco
  9. th
 10. Timing Analyzer Messages



----------------
; Legal Notice ;
----------------
Copyright (C) 1991-2010 Altera Corporation
Your use of Altera Corporation's design tools, logic functions 
and other software and tools, and its AMPP partner logic 
functions, and any output files from any of the foregoing 
(including device programming or simulation files), and any 
associated documentation or information are expressly subject 
to the terms and conditions of the Altera Program License 
Subscription Agreement, Altera MegaCore Function License 
Agreement, or other applicable license agreement, including, 
without limitation, that your use is for the sole purpose of 
programming logic devices manufactured by Altera and sold by 
Altera or its authorized distributors.  Please refer to the 
applicable agreement for further details.



+-----------------------------------------------------------------------------------------------------------------------------------------------+
; Timing Analyzer Summary                                                                                                                       ;
+------------------------------+-------+---------------+----------------------------------+------+-------+------------+----------+--------------+
; Type                         ; Slack ; Required Time ; Actual Time                      ; From ; To    ; From Clock ; To Clock ; Failed Paths ;
+------------------------------+-------+---------------+----------------------------------+------+-------+------------+----------+--------------+
; Worst-case tsu               ; N/A   ; None          ; 3.300 ns                         ; K    ; QVBAR ; --         ; CLK      ; 0            ;
; Worst-case tco               ; N/A   ; None          ; 2.800 ns                         ; QV   ; Q     ; CLK        ; --       ; 0            ;
; Worst-case th                ; N/A   ; None          ; -0.800 ns                        ; K    ; QVBAR ; --         ; CLK      ; 0            ;
; Clock Setup: 'CLK'           ; N/A   ; None          ; 175.44 MHz ( period = 5.700 ns ) ; QV   ; QVBAR ; CLK        ; CLK      ; 0            ;
; Total number of failed paths ;       ;               ;                                  ;      ;       ;            ;          ; 0            ;
+------------------------------+-------+---------------+----------------------------------+------+-------+------------+----------+--------------+


+-----------------------------------------------------------------------------------------------------------------------------------------------------+
; Timing Analyzer Settings                                                                                                                            ;
+------------------------------------------------------------------------------------------------------+--------------------+------+----+-------------+
; Option                                                                                               ; Setting            ; From ; To ; Entity Name ;
+------------------------------------------------------------------------------------------------------+--------------------+------+----+-------------+
; Device Name                                                                                          ; EPM7032SLC44-5     ;      ;    ;             ;
; Timing Models                                                                                        ; Final              ;      ;    ;             ;
; Default hold multicycle                                                                              ; Same as Multicycle ;      ;    ;             ;
; Cut paths between unrelated clock domains                                                            ; On                 ;      ;    ;             ;
; Cut off read during write signal paths                                                               ; On                 ;      ;    ;             ;
; Cut off feedback from I/O pins                                                                       ; On                 ;      ;    ;             ;
; Report Combined Fast/Slow Timing                                                                     ; Off                ;      ;    ;             ;
; Ignore Clock Settings                                                                                ; Off                ;      ;    ;             ;
; Analyze latches as synchronous elements                                                              ; On                 ;      ;    ;             ;
; Enable Recovery/Removal analysis                                                                     ; Off                ;      ;    ;             ;
; Enable Clock Latency                                                                                 ; Off                ;      ;    ;             ;
; Use TimeQuest Timing Analyzer                                                                        ; Off                ;      ;    ;             ;
; Number of source nodes to report per destination node                                                ; 10                 ;      ;    ;             ;
; Number of destination nodes to report                                                                ; 10                 ;      ;    ;             ;
; Number of paths to report                                                                            ; 200                ;      ;    ;             ;
; Report Minimum Timing Checks                                                                         ; Off                ;      ;    ;             ;
; Use Fast Timing Models                                                                               ; Off                ;      ;    ;             ;
; Report IO Paths Separately                                                                           ; Off                ;      ;    ;             ;
; Perform Multicorner Analysis                                                                         ; Off                ;      ;    ;             ;
; Reports the worst-case path for each clock domain and analysis                                       ; Off                ;      ;    ;             ;
; Reports worst-case timing paths for each clock domain and analysis                                   ; On                 ;      ;    ;             ;
; Specifies the maximum number of worst-case timing paths to report for each clock domain and analysis ; 100                ;      ;    ;             ;
; Removes common clock path pessimism (CCPP) during slack computation                                  ; Off                ;      ;    ;             ;
; Output I/O Timing Endpoint                                                                           ; Near End           ;      ;    ;             ;
+------------------------------------------------------------------------------------------------------+--------------------+------+----+-------------+


+------------------------------------------------------------------------------------------------------------------------------------------------------------------------------------+
; Clock Settings Summary                                                                                                                                                             ;
+-----------------+--------------------+----------+------------------+---------------+--------------+----------+-----------------------+---------------------+--------+--------------+
; Clock Node Name ; Clock Setting Name ; Type     ; Fmax Requirement ; Early Latency ; Late Latency ; Based on ; Multiply Base Fmax by ; Divide Base Fmax by ; Offset ; Phase offset ;
+-----------------+--------------------+----------+------------------+---------------+--------------+----------+-----------------------+---------------------+--------+--------------+
; CLK             ;                    ; User Pin ; None             ; 0.000 ns      ; 0.000 ns     ; --       ; N/A                   ; N/A                 ; N/A    ;              ;
+-----------------+--------------------+----------+------------------+---------------+--------------+----------+-----------------------+---------------------+--------+--------------+


Parallel compilation was disabled, but you have multiple processors available. Enable parallel compilation to reduce compilation time.
+-------------------------------------+
; Parallel Compilation                ;
+----------------------------+--------+
; Processors                 ; Number ;
+----------------------------+--------+
; Number detected on machine ; 2      ;
; Maximum allowed            ; 1      ;
+----------------------------+--------+


+---------------------------------------------------------------------------------------------------------------------------------------------------------------------+
; Clock Setup: 'CLK'                                                                                                                                                  ;
+-------+----------------------------------+------+-------+------------+----------+-----------------------------+---------------------------+-------------------------+
; Slack ; Actual fmax (period)             ; From ; To    ; From Clock ; To Clock ; Required Setup Relationship ; Required Longest P2P Time ; Actual Longest P2P Time ;
+-------+----------------------------------+------+-------+------------+----------+-----------------------------+---------------------------+-------------------------+
; N/A   ; 175.44 MHz ( period = 5.700 ns ) ; QV   ; QV    ; CLK        ; CLK      ; None                        ; None                      ; 3.600 ns                ;
; N/A   ; 175.44 MHz ( period = 5.700 ns ) ; QV   ; QVBAR ; CLK        ; CLK      ; None                        ; None                      ; 3.600 ns                ;
+-------+----------------------------------+------+-------+------------+----------+-----------------------------+---------------------------+-------------------------+


+-------------------------------------------------------------+
; tsu                                                         ;
+-------+--------------+------------+------+-------+----------+
; Slack ; Required tsu ; Actual tsu ; From ; To    ; To Clock ;
+-------+--------------+------------+------+-------+----------+
; N/A   ; None         ; 3.300 ns   ; J    ; QV    ; CLK      ;
; N/A   ; None         ; 3.300 ns   ; J    ; QVBAR ; CLK      ;
; N/A   ; None         ; 3.300 ns   ; K    ; QV    ; CLK      ;
; N/A   ; None         ; 3.300 ns   ; K    ; QVBAR ; CLK      ;
+-------+--------------+------------+------+-------+----------+


+---------------------------------------------------------------+
; tco                                                           ;
+-------+--------------+------------+-------+------+------------+
; Slack ; Required tco ; Actual tco ; From  ; To   ; From Clock ;
+-------+--------------+------------+-------+------+------------+
; N/A   ; None         ; 2.800 ns   ; QVBAR ; QBAR ; CLK        ;
; N/A   ; None         ; 2.800 ns   ; QV    ; Q    ; CLK        ;
+-------+--------------+------------+-------+------+------------+


+-------------------------------------------------------------------+
; th                                                                ;
+---------------+-------------+-----------+------+-------+----------+
; Minimum Slack ; Required th ; Actual th ; From ; To    ; To Clock ;
+---------------+-------------+-----------+------+-------+----------+
; N/A           ; None        ; -0.800 ns ; J    ; QV    ; CLK      ;
; N/A           ; None        ; -0.800 ns ; J    ; QVBAR ; CLK      ;
; N/A           ; None        ; -0.800 ns ; K    ; QV    ; CLK      ;
; N/A           ; None        ; -0.800 ns ; K    ; QVBAR ; CLK      ;
+---------------+-------------+-----------+------+-------+----------+


+--------------------------+
; Timing Analyzer Messages ;
+--------------------------+
Info: *******************************************************************
Info: Running Quartus II Classic Timing Analyzer
    Info: Version 9.1 Build 350 03/24/2010 Service Pack 2 SJ Web Edition
    Info: Processing started: Wed May 15 10:09:07 2013
Info: Command: quartus_tan --read_settings_files=off --write_settings_files=off FLIPFLOPJK_PRESETCLEAR -c FLIPFLOPJK_PRESETCLEAR
Info: Started post-fitting delay annotation
Info: Delay annotation completed successfully
Warning: Timing Analysis does not support the analysis of latches as synchronous elements for the currently selected device family
Warning: Found pins functioning as undefined clocks and/or memory enables
    Info: Assuming node "CLK" is an undefined clock
Info: Clock "CLK" has Internal fmax of 175.44 MHz between source register "QV" and destination register "QV" (period= 5.7 ns)
    Info: + Longest register to register delay is 3.600 ns
        Info: 1: + IC(0.000 ns) + CELL(0.000 ns) = 0.000 ns; Loc. = LC1; Fanout = 3; REG Node = 'QV'
        Info: 2: + IC(1.000 ns) + CELL(2.600 ns) = 3.600 ns; Loc. = LC1; Fanout = 3; REG Node = 'QV'
        Info: Total cell delay = 2.600 ns ( 72.22 % )
        Info: Total interconnect delay = 1.000 ns ( 27.78 % )
    Info: - Smallest clock skew is 0.000 ns
        Info: + Shortest clock path from clock "CLK" to destination register is 1.300 ns
            Info: 1: + IC(0.000 ns) + CELL(1.200 ns) = 1.200 ns; Loc. = PIN_43; Fanout = 2; CLK Node = 'CLK'
            Info: 2: + IC(0.000 ns) + CELL(0.100 ns) = 1.300 ns; Loc. = LC1; Fanout = 3; REG Node = 'QV'
            Info: Total cell delay = 1.300 ns ( 100.00 % )
        Info: - Longest clock path from clock "CLK" to source register is 1.300 ns
            Info: 1: + IC(0.000 ns) + CELL(1.200 ns) = 1.200 ns; Loc. = PIN_43; Fanout = 2; CLK Node = 'CLK'
            Info: 2: + IC(0.000 ns) + CELL(0.100 ns) = 1.300 ns; Loc. = LC1; Fanout = 3; REG Node = 'QV'
            Info: Total cell delay = 1.300 ns ( 100.00 % )
    Info: + Micro clock to output delay of source is 1.300 ns
    Info: + Micro setup delay of destination is 0.800 ns
Info: tsu for register "QV" (data pin = "J", clock pin = "CLK") is 3.300 ns
    Info: + Longest pin to register delay is 3.800 ns
        Info: 1: + IC(0.000 ns) + CELL(0.200 ns) = 0.200 ns; Loc. = PIN_21; Fanout = 2; PIN Node = 'J'
        Info: 2: + IC(1.000 ns) + CELL(2.600 ns) = 3.800 ns; Loc. = LC1; Fanout = 3; REG Node = 'QV'
        Info: Total cell delay = 2.800 ns ( 73.68 % )
        Info: Total interconnect delay = 1.000 ns ( 26.32 % )
    Info: + Micro setup delay of destination is 0.800 ns
    Info: - Shortest clock path from clock "CLK" to destination register is 1.300 ns
        Info: 1: + IC(0.000 ns) + CELL(1.200 ns) = 1.200 ns; Loc. = PIN_43; Fanout = 2; CLK Node = 'CLK'
        Info: 2: + IC(0.000 ns) + CELL(0.100 ns) = 1.300 ns; Loc. = LC1; Fanout = 3; REG Node = 'QV'
        Info: Total cell delay = 1.300 ns ( 100.00 % )
Info: tco from clock "CLK" to destination pin "QBAR" through register "QVBAR" is 2.800 ns
    Info: + Longest clock path from clock "CLK" to source register is 1.300 ns
        Info: 1: + IC(0.000 ns) + CELL(1.200 ns) = 1.200 ns; Loc. = PIN_43; Fanout = 2; CLK Node = 'CLK'
        Info: 2: + IC(0.000 ns) + CELL(0.100 ns) = 1.300 ns; Loc. = LC2; Fanout = 1; REG Node = 'QVBAR'
        Info: Total cell delay = 1.300 ns ( 100.00 % )
    Info: + Micro clock to output delay of source is 1.300 ns
    Info: + Longest register to pin delay is 0.200 ns
        Info: 1: + IC(0.000 ns) + CELL(0.000 ns) = 0.000 ns; Loc. = LC2; Fanout = 1; REG Node = 'QVBAR'
        Info: 2: + IC(0.000 ns) + CELL(0.200 ns) = 0.200 ns; Loc. = PIN_5; Fanout = 0; PIN Node = 'QBAR'
        Info: Total cell delay = 0.200 ns ( 100.00 % )
Info: th for register "QV" (data pin = "J", clock pin = "CLK") is -0.800 ns
    Info: + Longest clock path from clock "CLK" to destination register is 1.300 ns
        Info: 1: + IC(0.000 ns) + CELL(1.200 ns) = 1.200 ns; Loc. = PIN_43; Fanout = 2; CLK Node = 'CLK'
        Info: 2: + IC(0.000 ns) + CELL(0.100 ns) = 1.300 ns; Loc. = LC1; Fanout = 3; REG Node = 'QV'
        Info: Total cell delay = 1.300 ns ( 100.00 % )
    Info: + Micro hold delay of destination is 1.700 ns
    Info: - Shortest pin to register delay is 3.800 ns
        Info: 1: + IC(0.000 ns) + CELL(0.200 ns) = 0.200 ns; Loc. = PIN_21; Fanout = 2; PIN Node = 'J'
        Info: 2: + IC(1.000 ns) + CELL(2.600 ns) = 3.800 ns; Loc. = LC1; Fanout = 3; REG Node = 'QV'
        Info: Total cell delay = 2.800 ns ( 73.68 % )
        Info: Total interconnect delay = 1.000 ns ( 26.32 % )
Info: Quartus II Classic Timing Analyzer was successful. 0 errors, 2 warnings
    Info: Peak virtual memory: 182 megabytes
    Info: Processing ended: Wed May 15 10:09:07 2013
    Info: Elapsed time: 00:00:00
    Info: Total CPU time (on all processors): 00:00:00


