--------------------------------------------------------------------------------------
Timing Analyzer Summary
--------------------------------------------------------------------------------------

Type           : Worst-case tco
Slack          : N/A
Required Time  : None
Actual Time    : 100.300 ns
From           : cont_mod24_horas:Horas0|contadorFFT:contadorFFT0|qv
To             : BCD_HR_UNI[0]
From Clock     : clk
To Clock       : --
Failed Paths   : 0

Type           : Clock Setup: 'clk'
Slack          : N/A
Required Time  : None
Actual Time    : 125.00 MHz ( period = 8.000 ns )
From           : cont_mod24_horas:Horas0|contadorFFT:contadorFFT4|qv
To             : cont_mod24_horas:Horas0|contadorFFT:contadorFFT4|qv
From Clock     : clk
To Clock       : clk
Failed Paths   : 0

Type           : Total number of failed paths
Slack          : 
Required Time  : 
Actual Time    : 
From           : 
To             : 
From Clock     : 
To Clock       : 
Failed Paths   : 0

--------------------------------------------------------------------------------------

