Fitter report for decodificador_bcd
Sat Jun 01 20:43:41 2013
Quartus II Version 9.1 Build 350 03/24/2010 Service Pack 2 SJ Web Edition


---------------------
; Table of Contents ;
---------------------
  1. Legal Notice
  2. Fitter Summary
  3. Fitter Settings
  4. Parallel Compilation
  5. Pin-Out File
  6. Fitter Resource Usage Summary
  7. Input Pins
  8. Output Pins
  9. All Package Pins
 10. Output Pin Default Load For Reported TCO
 11. Fitter Resource Utilization by Entity
 12. Non-Global High Fan-Out Signals
 13. Interconnect Usage Summary
 14. LAB Macrocells
 15. Parallel Expander
 16. Shareable Expander
 17. Logic Cell Interconnection
 18. Fitter Device Options
 19. Fitter Messages



----------------
; Legal Notice ;
----------------
Copyright (C) 1991-2010 Altera Corporation
Your use of Altera Corporation's design tools, logic functions 
and other software and tools, and its AMPP partner logic 
functions, and any output files from any of the foregoing 
(including device programming or simulation files), and any 
associated documentation or information are expressly subject 
to the terms and conditions of the Altera Program License 
Subscription Agreement, Altera MegaCore Function License 
Agreement, or other applicable license agreement, including, 
without limitation, that your use is for the sole purpose of 
programming logic devices manufactured by Altera and sold by 
Altera or its authorized distributors.  Please refer to the 
applicable agreement for further details.



+----------------------------------------------------------------------+
; Fitter Summary                                                       ;
+-----------------------+----------------------------------------------+
; Fitter Status         ; Successful - Sat Jun 01 20:43:41 2013        ;
; Quartus II Version    ; 9.1 Build 350 03/24/2010 SP 2 SJ Web Edition ;
; Revision Name         ; decodificador_bcd                            ;
; Top-level Entity Name ; decodificador_bcd                            ;
; Family                ; MAX7000S                                     ;
; Device                ; EPM7064STC100-7                              ;
; Timing Models         ; Final                                        ;
; Total macrocells      ; 13 / 64 ( 20 % )                             ;
; Total pins            ; 15 / 68 ( 22 % )                             ;
+-----------------------+----------------------------------------------+


+--------------------------------------------------------------------------------------------------------------+
; Fitter Settings                                                                                              ;
+----------------------------------------------------------------------------+-----------------+---------------+
; Option                                                                     ; Setting         ; Default Value ;
+----------------------------------------------------------------------------+-----------------+---------------+
; Device                                                                     ; EPM7064STC100-7 ;               ;
; Use smart compilation                                                      ; Off             ; Off           ;
; Enable parallel Assembler and TimeQuest Timing Analyzer during compilation ; On              ; On            ;
; Enable compact report table                                                ; Off             ; Off           ;
; Use TimeQuest Timing Analyzer                                              ; Off             ; Off           ;
; Optimize Timing for ECOs                                                   ; Off             ; Off           ;
; Regenerate full fit report during ECO compiles                             ; Off             ; Off           ;
; Optimize IOC Register Placement for Timing                                 ; On              ; On            ;
; Limit to One Fitting Attempt                                               ; Off             ; Off           ;
; Fitter Initial Placement Seed                                              ; 1               ; 1             ;
; Slow Slew Rate                                                             ; Off             ; Off           ;
; Fitter Effort                                                              ; Auto Fit        ; Auto Fit      ;
; Force Fitter to Avoid Periphery Placement Warnings                         ; Off             ; Off           ;
; Use Best Effort Settings for Compilation                                   ; Off             ; Off           ;
+----------------------------------------------------------------------------+-----------------+---------------+


Parallel compilation was disabled, but you have multiple processors available. Enable parallel compilation to reduce compilation time.
+-------------------------------------+
; Parallel Compilation                ;
+----------------------------+--------+
; Processors                 ; Number ;
+----------------------------+--------+
; Number detected on machine ; 2      ;
; Maximum allowed            ; 1      ;
+----------------------------+--------+


+--------------+
; Pin-Out File ;
+--------------+
The pin-out file can be found in D:/relogio/decodificador_bcd/decodificador_bcd.pin.


+------------------------------------------------------+
; Fitter Resource Usage Summary                        ;
+-----------------------------------+------------------+
; Resource                          ; Usage            ;
+-----------------------------------+------------------+
; Logic cells                       ; 13 / 64 ( 20 % ) ;
; Registers                         ; 0 / 64 ( 0 % )   ;
; Number of pterms used             ; 54               ;
; User inserted logic elements      ; 0                ;
; I/O pins                          ; 15 / 68 ( 22 % ) ;
;     -- Clock pins                 ; 0 / 2 ( 0 % )    ;
;     -- Dedicated input pins       ; 0 / 2 ( 0 % )    ;
; Global signals                    ; 0                ;
; Shareable expanders               ; 14 / 64 ( 22 % ) ;
; Parallel expanders                ; 1 / 60 ( 2 % )   ;
; Cells using turbo bit             ; 13 / 64 ( 20 % ) ;
; Maximum fan-out node              ; dado[3]          ;
; Maximum fan-out                   ; 24               ;
; Highest non-global fan-out signal ; dado[3]          ;
; Highest non-global fan-out        ; 24               ;
; Total fan-out                     ; 137              ;
; Average fan-out                   ; 3.26             ;
+-----------------------------------+------------------+


+-----------------------------------------------------------------------------------------------------------------------------------------------+
; Input Pins                                                                                                                                    ;
+---------+-------+----------+-----+-----------------------+--------------------+--------+----------------+--------------+----------------------+
; Name    ; Pin # ; I/O Bank ; LAB ; Combinational Fan-Out ; Registered Fan-Out ; Global ; Input Register ; I/O Standard ; Location assigned by ;
+---------+-------+----------+-----+-----------------------+--------------------+--------+----------------+--------------+----------------------+
; dado[0] ; 93    ; --       ; 1   ; 20                    ; 0                  ; no     ; no             ; TTL          ; Fitter               ;
; dado[1] ; 85    ; --       ; 4   ; 22                    ; 0                  ; no     ; no             ; TTL          ; Fitter               ;
; dado[2] ; 46    ; --       ; 3   ; 23                    ; 0                  ; no     ; no             ; TTL          ; Fitter               ;
; dado[3] ; 92    ; --       ; 1   ; 24                    ; 0                  ; no     ; no             ; TTL          ; Fitter               ;
+---------+-------+----------+-----+-----------------------+--------------------+--------+----------------+--------------+----------------------+


+------------------------------------------------------------------------------------------------------------------------------------------------------------------------------------------------+
; Output Pins                                                                                                                                                                                    ;
+------------+-------+----------+-----+-----------------+----------------+------------+---------------+--------------+----------------------+-------+----------------------+---------------------+
; Name       ; Pin # ; I/O Bank ; LAB ; Output Register ; Slow Slew Rate ; Open Drain ; TRI Primitive ; I/O Standard ; Location assigned by ; Load  ; Output Enable Source ; Output Enable Group ;
+------------+-------+----------+-----+-----------------+----------------+------------+---------------+--------------+----------------------+-------+----------------------+---------------------+
; display[0] ; 98    ; --       ; 1   ; no              ; no             ; no         ; no            ; TTL          ; Fitter               ; 10 pF ; -                    ; -                   ;
; display[1] ; 10    ; --       ; 1   ; no              ; no             ; no         ; no            ; TTL          ; Fitter               ; 10 pF ; -                    ; -                   ;
; display[2] ; 9     ; --       ; 1   ; no              ; no             ; no         ; no            ; TTL          ; Fitter               ; 10 pF ; -                    ; -                   ;
; display[3] ; 12    ; --       ; 1   ; no              ; no             ; no         ; no            ; TTL          ; Fitter               ; 10 pF ; -                    ; -                   ;
; display[4] ; 8     ; --       ; 1   ; no              ; no             ; no         ; no            ; TTL          ; Fitter               ; 10 pF ; -                    ; -                   ;
; display[5] ; 6     ; --       ; 1   ; no              ; no             ; no         ; no            ; TTL          ; Fitter               ; 10 pF ; -                    ; -                   ;
; display[6] ; 100   ; --       ; 1   ; no              ; no             ; no         ; no            ; TTL          ; Fitter               ; 10 pF ; -                    ; -                   ;
+------------+-------+----------+-----+-----------------+----------------+------------+---------------+--------------+----------------------+-------+----------------------+---------------------+


+-------------------------------------------------------------------------------------------------------+
; All Package Pins                                                                                      ;
+----------+------------+----------+----------------+--------+--------------+---------+-----------------+
; Location ; Pad Number ; I/O Bank ; Pin Name/Usage ; Dir.   ; I/O Standard ; Voltage ; User Assignment ;
+----------+------------+----------+----------------+--------+--------------+---------+-----------------+
; 1        ;            ;          ; NC             ;        ;              ;         ;                 ;
; 2        ;            ;          ; NC             ;        ;              ;         ;                 ;
; 3        ; 12         ; --       ; VCCIO          ; power  ;              ; 5.0V    ;                 ;
; 4        ; 13         ; --       ; TDI            ; input  ; TTL          ;         ; N               ;
; 5        ;            ;          ; NC             ;        ;              ;         ;                 ;
; 6        ; 14         ; --       ; display[5]     ; output ; TTL          ;         ; N               ;
; 7        ;            ;          ; NC             ;        ;              ;         ;                 ;
; 8        ; 15         ; --       ; display[4]     ; output ; TTL          ;         ; N               ;
; 9        ; 16         ; --       ; display[2]     ; output ; TTL          ;         ; N               ;
; 10       ; 17         ; --       ; display[1]     ; output ; TTL          ;         ; N               ;
; 11       ; 18         ; --       ; GND            ; gnd    ;              ;         ;                 ;
; 12       ; 19         ; --       ; display[3]     ; output ; TTL          ;         ; N               ;
; 13       ; 20         ; --       ; RESERVED       ;        ;              ;         ;                 ;
; 14       ; 21         ; --       ; RESERVED       ;        ;              ;         ;                 ;
; 15       ; 22         ; --       ; TMS            ; input  ; TTL          ;         ; N               ;
; 16       ; 23         ; --       ; RESERVED       ;        ;              ;         ;                 ;
; 17       ; 24         ; --       ; RESERVED       ;        ;              ;         ;                 ;
; 18       ; 25         ; --       ; VCCIO          ; power  ;              ; 5.0V    ;                 ;
; 19       ; 26         ; --       ; RESERVED       ;        ;              ;         ;                 ;
; 20       ; 27         ; --       ; RESERVED       ;        ;              ;         ;                 ;
; 21       ; 28         ; --       ; RESERVED       ;        ;              ;         ;                 ;
; 22       ;            ;          ; NC             ;        ;              ;         ;                 ;
; 23       ; 29         ; --       ; RESERVED       ;        ;              ;         ;                 ;
; 24       ;            ;          ; NC             ;        ;              ;         ;                 ;
; 25       ; 30         ; --       ; RESERVED       ;        ;              ;         ;                 ;
; 26       ; 31         ; --       ; GND            ; gnd    ;              ;         ;                 ;
; 27       ;            ;          ; NC             ;        ;              ;         ;                 ;
; 28       ;            ;          ; NC             ;        ;              ;         ;                 ;
; 29       ; 32         ; --       ; RESERVED       ;        ;              ;         ;                 ;
; 30       ; 33         ; --       ; RESERVED       ;        ;              ;         ;                 ;
; 31       ; 34         ; --       ; RESERVED       ;        ;              ;         ;                 ;
; 32       ; 35         ; --       ; RESERVED       ;        ;              ;         ;                 ;
; 33       ; 36         ; --       ; RESERVED       ;        ;              ;         ;                 ;
; 34       ; 37         ; --       ; VCCIO          ; power  ;              ; 5.0V    ;                 ;
; 35       ; 38         ; --       ; RESERVED       ;        ;              ;         ;                 ;
; 36       ; 39         ; --       ; RESERVED       ;        ;              ;         ;                 ;
; 37       ; 40         ; --       ; RESERVED       ;        ;              ;         ;                 ;
; 38       ; 41         ; --       ; GND            ; gnd    ;              ;         ;                 ;
; 39       ; 42         ; --       ; VCCINT         ; power  ;              ; 5.0V    ;                 ;
; 40       ; 43         ; --       ; RESERVED       ;        ;              ;         ;                 ;
; 41       ; 44         ; --       ; RESERVED       ;        ;              ;         ;                 ;
; 42       ; 45         ; --       ; RESERVED       ;        ;              ;         ;                 ;
; 43       ; 46         ; --       ; GND            ; gnd    ;              ;         ;                 ;
; 44       ; 47         ; --       ; RESERVED       ;        ;              ;         ;                 ;
; 45       ; 48         ; --       ; RESERVED       ;        ;              ;         ;                 ;
; 46       ; 49         ; --       ; dado[2]        ; input  ; TTL          ;         ; N               ;
; 47       ; 50         ; --       ; RESERVED       ;        ;              ;         ;                 ;
; 48       ; 51         ; --       ; RESERVED       ;        ;              ;         ;                 ;
; 49       ;            ;          ; NC             ;        ;              ;         ;                 ;
; 50       ;            ;          ; NC             ;        ;              ;         ;                 ;
; 51       ; 52         ; --       ; VCCIO          ; power  ;              ; 5.0V    ;                 ;
; 52       ; 53         ; --       ; RESERVED       ;        ;              ;         ;                 ;
; 53       ;            ;          ; NC             ;        ;              ;         ;                 ;
; 54       ; 54         ; --       ; RESERVED       ;        ;              ;         ;                 ;
; 55       ;            ;          ; NC             ;        ;              ;         ;                 ;
; 56       ; 55         ; --       ; RESERVED       ;        ;              ;         ;                 ;
; 57       ; 56         ; --       ; RESERVED       ;        ;              ;         ;                 ;
; 58       ; 57         ; --       ; RESERVED       ;        ;              ;         ;                 ;
; 59       ; 58         ; --       ; GND            ; gnd    ;              ;         ;                 ;
; 60       ; 59         ; --       ; RESERVED       ;        ;              ;         ;                 ;
; 61       ; 60         ; --       ; RESERVED       ;        ;              ;         ;                 ;
; 62       ; 61         ; --       ; TCK            ; input  ; TTL          ;         ; N               ;
; 63       ; 62         ; --       ; RESERVED       ;        ;              ;         ;                 ;
; 64       ; 63         ; --       ; RESERVED       ;        ;              ;         ;                 ;
; 65       ; 64         ; --       ; RESERVED       ;        ;              ;         ;                 ;
; 66       ; 65         ; --       ; VCCIO          ; power  ;              ; 5.0V    ;                 ;
; 67       ; 66         ; --       ; RESERVED       ;        ;              ;         ;                 ;
; 68       ; 67         ; --       ; RESERVED       ;        ;              ;         ;                 ;
; 69       ; 68         ; --       ; RESERVED       ;        ;              ;         ;                 ;
; 70       ;            ;          ; NC             ;        ;              ;         ;                 ;
; 71       ; 69         ; --       ; RESERVED       ;        ;              ;         ;                 ;
; 72       ;            ;          ; NC             ;        ;              ;         ;                 ;
; 73       ; 70         ; --       ; TDO            ; output ; TTL          ;         ; N               ;
; 74       ; 71         ; --       ; GND            ; gnd    ;              ;         ;                 ;
; 75       ; 72         ; --       ; RESERVED       ;        ;              ;         ;                 ;
; 76       ; 73         ; --       ; RESERVED       ;        ;              ;         ;                 ;
; 77       ;            ;          ; NC             ;        ;              ;         ;                 ;
; 78       ;            ;          ; NC             ;        ;              ;         ;                 ;
; 79       ; 74         ; --       ; RESERVED       ;        ;              ;         ;                 ;
; 80       ; 75         ; --       ; RESERVED       ;        ;              ;         ;                 ;
; 81       ; 76         ; --       ; RESERVED       ;        ;              ;         ;                 ;
; 82       ; 77         ; --       ; VCCIO          ; power  ;              ; 5.0V    ;                 ;
; 83       ; 78         ; --       ; RESERVED       ;        ;              ;         ;                 ;
; 84       ; 79         ; --       ; RESERVED       ;        ;              ;         ;                 ;
; 85       ; 80         ; --       ; dado[1]        ; input  ; TTL          ;         ; N               ;
; 86       ; 81         ; --       ; GND            ; gnd    ;              ;         ;                 ;
; 87       ; 82         ; --       ; GND+           ;        ;              ;         ;                 ;
; 88       ; 83         ; --       ; GND+           ;        ;              ;         ;                 ;
; 89       ; 0          ; --       ; GND+           ;        ;              ;         ;                 ;
; 90       ; 1          ; --       ; GND+           ;        ;              ;         ;                 ;
; 91       ; 2          ; --       ; VCCINT         ; power  ;              ; 5.0V    ;                 ;
; 92       ; 3          ; --       ; dado[3]        ; input  ; TTL          ;         ; N               ;
; 93       ; 4          ; --       ; dado[0]        ; input  ; TTL          ;         ; N               ;
; 94       ; 5          ; --       ; RESERVED       ;        ;              ;         ;                 ;
; 95       ; 6          ; --       ; GND            ; gnd    ;              ;         ;                 ;
; 96       ; 7          ; --       ; RESERVED       ;        ;              ;         ;                 ;
; 97       ; 8          ; --       ; RESERVED       ;        ;              ;         ;                 ;
; 98       ; 9          ; --       ; display[0]     ; output ; TTL          ;         ; N               ;
; 99       ; 10         ; --       ; RESERVED       ;        ;              ;         ;                 ;
; 100      ; 11         ; --       ; display[6]     ; output ; TTL          ;         ; N               ;
+----------+------------+----------+----------------+--------+--------------+---------+-----------------+
Note: Pin directions (input, output or bidir) are based on device operating in user mode.


+-----------------------------------------------+
; Output Pin Default Load For Reported TCO      ;
+--------------+-------+------------------------+
; I/O Standard ; Load  ; Termination Resistance ;
+--------------+-------+------------------------+
; 3.3-V LVTTL  ; 10 pF ; Not Available          ;
; 3.3-V LVCMOS ; 10 pF ; Not Available          ;
; TTL          ; 10 pF ; Not Available          ;
+--------------+-------+------------------------+
Note: User assignments will override these defaults. The user specified values are listed in the Output Pins and Bidir Pins tables.


+-------------------------------------------------------------------------------------+
; Fitter Resource Utilization by Entity                                               ;
+----------------------------+------------+------+---------------------+--------------+
; Compilation Hierarchy Node ; Macrocells ; Pins ; Full Hierarchy Name ; Library Name ;
+----------------------------+------------+------+---------------------+--------------+
; |decodificador_bcd         ; 13         ; 15   ; |decodificador_bcd  ; work         ;
+----------------------------+------------+------+---------------------+--------------+


+---------------------------------+
; Non-Global High Fan-Out Signals ;
+--------------------+------------+
; Name               ; Fan-Out    ;
+--------------------+------------+
; dado[3]            ; 24         ;
; dado[2]            ; 23         ;
; dado[1]            ; 22         ;
; dado[0]            ; 20         ;
; display[6]~13      ; 6          ;
; Equal7~2sexp       ; 4          ;
; display[2]~15      ; 4          ;
; Equal6~3sexp       ; 3          ;
; comb~22sexpand3    ; 2          ;
; display[2]$latch~9 ; 2          ;
; display[0]$latch~9 ; 2          ;
; display[6]$latch~9 ; 2          ;
; display[5]$latch~9 ; 2          ;
; display[4]$latch~9 ; 2          ;
; display[3]$latch~9 ; 2          ;
; display[1]$latch~9 ; 2          ;
; comb~24sexpand0bal ; 1          ;
; comb~15sexpand0    ; 1          ;
; Equal8~3sexpand0   ; 1          ;
; comb~26sexpand3    ; 1          ;
; comb~26sexpand2    ; 1          ;
; comb~26sexpand0    ; 1          ;
; comb~22sexpand2    ; 1          ;
; comb~22sexpand1    ; 1          ;
; comb~22sexpand0    ; 1          ;
; comb~21sexpand0    ; 1          ;
; comb~17sexpand1    ; 1          ;
; comb~17sexpand0    ; 1          ;
; comb~83            ; 1          ;
; comb~20            ; 1          ;
; comb~19            ; 1          ;
+--------------------+------------+


+------------------------------------------------+
; Interconnect Usage Summary                     ;
+----------------------------+-------------------+
; Interconnect Resource Type ; Usage             ;
+----------------------------+-------------------+
; Output enables             ; 0 / 6 ( 0 % )     ;
; PIA buffers                ; 16 / 144 ( 11 % ) ;
+----------------------------+-------------------+


+----------------------------------------------------------------------+
; LAB Macrocells                                                       ;
+----------------------------------------+-----------------------------+
; Number of Macrocells  (Average = 3.25) ; Number of LABs  (Total = 1) ;
+----------------------------------------+-----------------------------+
; 0                                      ; 3                           ;
; 1                                      ; 0                           ;
; 2                                      ; 0                           ;
; 3                                      ; 0                           ;
; 4                                      ; 0                           ;
; 5                                      ; 0                           ;
; 6                                      ; 0                           ;
; 7                                      ; 0                           ;
; 8                                      ; 0                           ;
; 9                                      ; 0                           ;
; 10                                     ; 0                           ;
; 11                                     ; 0                           ;
; 12                                     ; 0                           ;
; 13                                     ; 1                           ;
+----------------------------------------+-----------------------------+


+---------------------------------------------------------+
; Parallel Expander                                       ;
+--------------------------+------------------------------+
; Parallel Expander Length ; Number of Parallel Expanders ;
+--------------------------+------------------------------+
; 0                        ; 0                            ;
; 1                        ; 1                            ;
+--------------------------+------------------------------+


+-------------------------------------------------------------------------------+
; Shareable Expander                                                            ;
+-------------------------------------------------+-----------------------------+
; Number of shareable expanders  (Average = 3.50) ; Number of LABs  (Total = 1) ;
+-------------------------------------------------+-----------------------------+
; 0                                               ; 3                           ;
; 1                                               ; 0                           ;
; 2                                               ; 0                           ;
; 3                                               ; 0                           ;
; 4                                               ; 0                           ;
; 5                                               ; 0                           ;
; 6                                               ; 0                           ;
; 7                                               ; 0                           ;
; 8                                               ; 0                           ;
; 9                                               ; 0                           ;
; 10                                              ; 0                           ;
; 11                                              ; 0                           ;
; 12                                              ; 0                           ;
; 13                                              ; 0                           ;
; 14                                              ; 1                           ;
+-------------------------------------------------+-----------------------------+


+---------------------------------------------------------------------------------------------------------------------------------------------------------------------------------------------------------------------------------+
; Logic Cell Interconnection                                                                                                                                                                                                      ;
+-----+------------+----------------------------------------------------------------------------------------------------------------------------+---------------------------------------------------------------------------------+
; LAB ; Logic Cell ; Input                                                                                                                      ; Output                                                                          ;
+-----+------------+----------------------------------------------------------------------------------------------------------------------------+---------------------------------------------------------------------------------+
;  A  ; LC10       ; dado[1], dado[2], dado[3]                                                                                                  ; comb~19, comb~20, comb~83, comb~21sexpand0, comb~15sexpand0, display[0]$latch~9 ;
;  A  ; LC8        ; dado[2], dado[3], dado[0], dado[1]                                                                                         ; comb~19, comb~20, comb~83, display[2]$latch~9                                   ;
;  A  ; LC12       ; dado[2], display[2]~15, dado[3], dado[0], dado[1], display[6]~13, Equal7~2sexp, Equal6~3sexp                               ; display[2]$latch~9                                                              ;
;  A  ; LC2        ; comb~83, dado[2], dado[3], dado[0], dado[1], display[6]~13, display[2]~15, Equal7~2sexp, Equal6~3sexp                      ; display[2]$latch~9                                                              ;
;  A  ; LC4        ; display[1]$latch~9, comb~17sexpand0, comb~17sexpand1, dado[3], dado[0], dado[2], dado[1]                                   ; display[1]$latch~9, display[1]                                                  ;
;  A  ; LC3        ; display[3]$latch~9, comb~21sexpand0, dado[2], dado[3], dado[0], dado[1]                                                    ; display[3]$latch~9, display[3]                                                  ;
;  A  ; LC6        ; display[4]$latch~9, comb~22sexpand0, comb~22sexpand1, comb~22sexpand2, comb~22sexpand3, dado[3], dado[2], dado[1], dado[0] ; display[4]$latch~9, display[4]                                                  ;
;  A  ; LC7        ; display[5]$latch~9, comb~24sexpand0bal, dado[3], dado[2], dado[1], dado[0]                                                 ; display[5]$latch~9, display[5]                                                  ;
;  A  ; LC9        ; display[6]$latch~9, comb~26sexpand0, comb~22sexpand3, comb~26sexpand2, comb~26sexpand3, dado[3], dado[2], dado[1], dado[0] ; display[6]$latch~9, display[6]                                                  ;
;  A  ; LC11       ; display[0]$latch~9, comb~15sexpand0, display[6]~13, dado[3], dado[2], dado[1], dado[0]                                     ; display[0]$latch~9, display[0]                                                  ;
;  A  ; LC5        ; comb~19, display[2]$latch~9, comb~20, dado[2], dado[3], dado[0], dado[1], display[2]~15                                    ; display[2]$latch~9, display[2]                                                  ;
;  A  ; LC1        ; dado[2], dado[3], dado[0], dado[1], display[2]~15, display[6]~13                                                           ; comb~20                                                                         ;
;  A  ; LC13       ; dado[0], dado[1], dado[3], dado[2]                                                                                         ; display[5]$latch~9                                                              ;
+-----+------------+----------------------------------------------------------------------------------------------------------------------------+---------------------------------------------------------------------------------+


+---------------------------------------------------------------+
; Fitter Device Options                                         ;
+----------------------------------------------+----------------+
; Option                                       ; Setting        ;
+----------------------------------------------+----------------+
; Enable user-supplied start-up clock (CLKUSR) ; Off            ;
; Enable device-wide reset (DEV_CLRn)          ; Off            ;
; Enable device-wide output enable (DEV_OE)    ; Off            ;
; Enable INIT_DONE output                      ; Off            ;
; Configuration scheme                         ; Passive Serial ;
; Security bit                                 ; Off            ;
; Base pin-out file on sameframe device        ; Off            ;
+----------------------------------------------+----------------+


+-----------------+
; Fitter Messages ;
+-----------------+
Info: *******************************************************************
Info: Running Quartus II Fitter
    Info: Version 9.1 Build 350 03/24/2010 Service Pack 2 SJ Web Edition
    Info: Processing started: Sat Jun 01 20:43:41 2013
Info: Command: quartus_fit --read_settings_files=off --write_settings_files=off decodificador_bcd -c decodificador_bcd
Info: Selected device EPM7064STC100-7 for design "decodificador_bcd"
Info: Quartus II Fitter was successful. 0 errors, 0 warnings
    Info: Peak virtual memory: 172 megabytes
    Info: Processing ended: Sat Jun 01 20:43:41 2013
    Info: Elapsed time: 00:00:00
    Info: Total CPU time (on all processors): 00:00:00


